../Drivers/CMSIS/Include/core_cm4.h:1938:34:__NVIC_SystemReset	4	static,ignoring_inline_asm
../Core/Src/main.c:150:6:HAL_TIM_PeriodElapsedCallback	16	static
../Core/Src/main.c:156:6:HAL_ADC_ConvCpltCallback	24	static
../Core/Src/main.c:169:6:HAL_CAN_TxMailbox0CompleteCallback	16	static
../Core/Src/main.c:174:6:HAL_CAN_TxMailbox1CompleteCallback	16	static
../Core/Src/main.c:179:6:HAL_CAN_TxMailbox2CompleteCallback	16	static
../Core/Src/main.c:187:6:HAL_CAN_ErrorCallback	192	static
../Core/Src/main.c:250:5:main	80	static
../Core/Src/main.c:400:6:SystemClock_Config	88	static
../Core/Src/main.c:446:13:MX_ADC1_Init	24	static
../Core/Src/main.c:498:13:MX_CAN1_Init	8	static
../Core/Src/main.c:545:13:MX_CAN2_Init	8	static
../Core/Src/main.c:582:13:MX_CRC_Init	8	static
../Core/Src/main.c:608:13:MX_I2C3_Init	8	static
../Core/Src/main.c:642:13:MX_SPI2_Init	8	static
../Core/Src/main.c:680:13:MX_TIM1_Init	112	static
../Core/Src/main.c:768:13:MX_TIM2_Init	48	static
../Core/Src/main.c:826:13:MX_TIM3_Init	48	static
../Core/Src/main.c:884:13:MX_TIM4_Init	48	static
../Core/Src/main.c:942:13:MX_TIM6_Init	16	static
../Core/Src/main.c:980:13:MX_TIM7_Init	16	static
../Core/Src/main.c:1018:13:MX_TIM8_Init	48	static
../Core/Src/main.c:1077:13:MX_USART1_UART_Init	8	static
../Core/Src/main.c:1108:13:MX_DMA_Init	16	static
../Core/Src/main.c:1126:13:MX_GPIO_Init	56	static
../Core/Src/main.c:1217:6:Error_Handler	4	static,ignoring_inline_asm
